
> racines-mvp@0.1.0 build
> next build

Ôû▓ Next.js 16.1.6 (Turbopack)
- Environments: .env.local

  Creating an optimized production build ...
Ô£ô Compiled successfully in 3.1min
  Running TypeScript ...
  Collecting page data using 3 workers ...
  Generating static pages using 3 workers (0/19) ...
  Generating static pages using 3 workers (4/19) 
  Generating static pages using 3 workers (9/19) 
  Generating static pages using 3 workers (14/19) 
Ô£ô Generating static pages using 3 workers (19/19) in 3.9s
  Finalizing page optimization ...

Route (app)
Ôöî Ôùï /
Ôö£ Ôùï /_not-found
Ôö£ Ôùï /admin
Ôö£ ãÆ /api/admin/victims
Ôö£ ãÆ /api/ancestors
Ôö£ ãÆ /api/check-invites
Ôö£ ãÆ /api/genealogy/position
Ôö£ ãÆ /api/register
Ôö£ ãÆ /api/send-invitation
Ôö£ ãÆ /api/tree
Ôö£ Ôùï /charte
Ôö£ Ôùï /cho
Ôö£ Ôùï /choa
Ôö£ Ôùï /dashboard
Ôö£ Ôùï /icon
Ôö£ Ôùï /icon.png
Ôö£ Ôùï /login
Ôöö Ôùï /onboarding


ãÆ Proxy (Middleware)

Ôùï  (Static)   prerendered as static content
ãÆ  (Dynamic)  server-rendered on demand

